2026-02-27 10:01:12 | INFO | Job started
2026-02-27 10:01:12 | INFO | Config loaded | seed=42 window=5 version=v1
2026-02-27 10:01:12 | INFO | Rows loaded: 10000
2026-02-27 10:01:12 | INFO | Computing rolling mean
2026-02-27 10:01:12 | INFO | Generating signals
2026-02-27 10:01:12 | INFO | Metrics summary: {...}
2026-02-27 10:01:12 | INFO | Job finished successfully2026-02-27 10:00:15,578 | INFO | Job started
2026-02-27 10:00:15,586 | INFO | Config loaded | seed=42 window=5 version=v1
2026-02-27 10:00:15,598 | ERROR | Job failed
Traceback (most recent call last):
  File "C:\Users\Admin\Desktop\MetaStackerBandit\run.py", line 88, in main
    df = load_and_validate_data(args.input)
  File "C:\Users\Admin\Desktop\MetaStackerBandit\run.py", line 62, in load_and_validate_data
    raise ValueError("Missing required column: close")
ValueError: Missing required column: close
2026-02-27 10:05:53,069 | INFO | Job started
2026-02-27 10:05:53,070 | INFO | Config loaded | seed=42 window=5 version=v1
2026-02-27 10:05:53,092 | ERROR | Job failed
Traceback (most recent call last):
  File "C:\Users\Admin\Desktop\MetaStackerBandit\run.py", line 94, in main
    df = load_and_validate_data(args.input)
  File "C:\Users\Admin\Desktop\MetaStackerBandit\run.py", line 65, in load_and_validate_data
    raise ValueError("Missing required column: close")
ValueError: Missing required column: close
2026-02-27 10:08:52,558 | INFO | Job started
2026-02-27 10:08:52,559 | INFO | Config loaded | seed=42 window=5 version=v1
2026-02-27 10:08:52,560 | ERROR | Job failed
Traceback (most recent call last):
  File "C:\Users\Admin\Desktop\MetaStackerBandit\run.py", line 54, in load_and_validate_data
    df = pd.read_csv(input_path)
  File "C:\Users\Admin\AppData\Roaming\Python\Python314\site-packages\pandas\io\parsers\readers.py", line 873, in read_csv
    return _read(filepath_or_buffer, kwds)
  File "C:\Users\Admin\AppData\Roaming\Python\Python314\site-packages\pandas\io\parsers\readers.py", line 300, in _read
    parser = TextFileReader(filepath_or_buffer, **kwds)
  File "C:\Users\Admin\AppData\Roaming\Python\Python314\site-packages\pandas\io\parsers\readers.py", line 1645, in __init__
    self._engine = self._make_engine(f, self.engine)
                   ~~~~~~~~~~~~~~~~~^^^^^^^^^^^^^^^^
  File "C:\Users\Admin\AppData\Roaming\Python\Python314\site-packages\pandas\io\parsers\readers.py", line 1922, in _make_engine
    return mapping[engine](f, **self.options)
           ~~~~~~~~~~~~~~~^^^^^^^^^^^^^^^^^^^
  File "C:\Users\Admin\AppData\Roaming\Python\Python314\site-packages\pandas\io\parsers\c_parser_wrapper.py", line 95, in __init__
    self._reader = parsers.TextReader(src, **kwds)
                   ~~~~~~~~~~~~~~~~~~^^^^^^^^^^^^^
  File "pandas/_libs/parsers.pyx", line 568, in pandas._libs.parsers.TextReader.__cinit__
  File "pandas/_libs/parsers.pyx", line 657, in pandas._libs.parsers.TextReader._get_header
  File "pandas/_libs/parsers.pyx", line 868, in pandas._libs.parsers.TextReader._tokenize_rows
  File "pandas/_libs/parsers.pyx", line 885, in pandas._libs.parsers.TextReader._check_tokenize_status
  File "pandas/_libs/parsers.pyx", line 2076, in pandas._libs.parsers.raise_parser_error
  File "<frozen codecs>", line 325, in decode
UnicodeDecodeError: 'utf-8' codec can't decode byte 0xf9 in position 10: invalid start byte

During handling of the above exception, another exception occurred:

Traceback (most recent call last):
  File "C:\Users\Admin\Desktop\MetaStackerBandit\run.py", line 94, in main
    df = load_and_validate_data(args.input)
  File "C:\Users\Admin\Desktop\MetaStackerBandit\run.py", line 56, in load_and_validate_data
    raise ValueError("Invalid CSV format")
ValueError: Invalid CSV format
2026-02-27 10:09:18,080 | INFO | Job started
2026-02-27 10:09:18,081 | INFO | Config loaded | seed=42 window=5 version=v1
2026-02-27 10:09:18,094 | ERROR | Job failed
Traceback (most recent call last):
  File "C:\Users\Admin\Desktop\MetaStackerBandit\run.py", line 94, in main
    df = load_and_validate_data(args.input)
  File "C:\Users\Admin\Desktop\MetaStackerBandit\run.py", line 65, in load_and_validate_data
    raise ValueError("Missing required column: close")
ValueError: Missing required column: close
2026-02-27 10:13:34,179 | INFO | Job started
2026-02-27 10:13:34,189 | INFO | Config loaded | seed=42 window=5 version=v1
2026-02-27 10:13:34,215 | ERROR | Job failed
Traceback (most recent call last):
  File "C:\Users\Admin\Desktop\MetaStackerBandit\run.py", line 93, in main
    df = load_and_validate_data(args.input)
  File "C:\Users\Admin\Desktop\MetaStackerBandit\run.py", line 64, in load_and_validate_data
    raise ValueError("Missing required column: close")
ValueError: Missing required column: close
2026-02-27 10:15:11,972 | INFO | Job started
2026-02-27 10:15:11,973 | INFO | Config loaded | seed=42 window=5 version=v1
2026-02-27 10:15:11,985 | ERROR | Job failed
Traceback (most recent call last):
  File "C:\Users\Admin\Desktop\MetaStackerBandit\run.py", line 93, in main
    df = load_and_validate_data(args.input)
  File "C:\Users\Admin\Desktop\MetaStackerBandit\run.py", line 64, in load_and_validate_data
    raise ValueError("Missing required column: close")
ValueError: Missing required column: close
2026-02-27 10:18:56,072 | INFO | Job started
2026-02-27 10:18:56,073 | INFO | Config loaded | seed=42 window=5 version=v1
2026-02-27 10:18:56,087 | ERROR | Job failed
Traceback (most recent call last):
  File "C:\Users\Admin\Desktop\MetaStackerBandit\run.py", line 55, in load_and_validate_data
    df = pd.read_csv(
        input_path,
    ...<2 lines>...
        engine="python",
    )
  File "C:\Users\Admin\AppData\Roaming\Python\Python314\site-packages\pandas\io\parsers\readers.py", line 873, in read_csv
    return _read(filepath_or_buffer, kwds)
  File "C:\Users\Admin\AppData\Roaming\Python\Python314\site-packages\pandas\io\parsers\readers.py", line 300, in _read
    parser = TextFileReader(filepath_or_buffer, **kwds)
  File "C:\Users\Admin\AppData\Roaming\Python\Python314\site-packages\pandas\io\parsers\readers.py", line 1645, in __init__
    self._engine = self._make_engine(f, self.engine)
                   ~~~~~~~~~~~~~~~~~^^^^^^^^^^^^^^^^
  File "C:\Users\Admin\AppData\Roaming\Python\Python314\site-packages\pandas\io\parsers\readers.py", line 1922, in _make_engine
    return mapping[engine](f, **self.options)
           ~~~~~~~~~~~~~~~^^^^^^^^^^^^^^^^^^^
  File "C:\Users\Admin\AppData\Roaming\Python\Python314\site-packages\pandas\io\parsers\python_parser.py", line 146, in __init__
    self.data = self._make_reader(f)
                ~~~~~~~~~~~~~~~~~^^^
  File "C:\Users\Admin\AppData\Roaming\Python\Python314\site-packages\pandas\io\parsers\python_parser.py", line 250, in _make_reader
    line_rdr = csv.reader(StringIO(line), dialect=dia)
ValueError: bad delimiter value

During handling of the above exception, another exception occurred:

Traceback (most recent call last):
  File "C:\Users\Admin\Desktop\MetaStackerBandit\run.py", line 102, in main
    df = load_and_validate_data(args.input)
  File "C:\Users\Admin\Desktop\MetaStackerBandit\run.py", line 62, in load_and_validate_data
    raise ValueError(f"Invalid CSV format: {e}")
ValueError: Invalid CSV format: bad delimiter value
2026-02-27 10:24:34,777 | INFO | Job started
2026-02-27 10:24:34,778 | INFO | Config loaded | seed=42 window=5 version=v1
2026-02-27 10:24:34,791 | INFO | Rows loaded: 10000
2026-02-27 10:24:34,791 | INFO | Computing rolling mean
2026-02-27 10:24:34,794 | INFO | Generating signals
2026-02-27 10:24:34,796 | INFO | Metrics summary: {'version': 'v1', 'rows_processed': 10000, 'metric': 'signal_rate', 'value': 0.4989, 'latency_ms': 18, 'seed': 42, 'status': 'success'}
2026-02-27 10:24:34,797 | INFO | Job finished successfully
2026-02-27 10:24:45,462 | INFO | Job started
2026-02-27 10:24:45,463 | INFO | Config loaded | seed=42 window=5 version=v1
2026-02-27 10:24:45,477 | INFO | Rows loaded: 10000
2026-02-27 10:24:45,478 | INFO | Computing rolling mean
2026-02-27 10:24:45,478 | INFO | Generating signals
2026-02-27 10:24:45,479 | INFO | Metrics summary: {'version': 'v1', 'rows_processed': 10000, 'metric': 'signal_rate', 'value': 0.4989, 'latency_ms': 16, 'seed': 42, 'status': 'success'}
2026-02-27 10:24:45,480 | INFO | Job finished successfully
2026-02-27 10:38:13,975 | INFO | Job started
2026-02-27 10:38:13,983 | INFO | Config loaded | seed=42 window=5 version=v1
2026-02-27 10:38:13,999 | INFO | Rows loaded: 10000
2026-02-27 10:38:13,999 | INFO | Computing rolling mean
2026-02-27 10:38:14,003 | INFO | Generating signals
2026-02-27 10:38:14,007 | INFO | Metrics summary: {'version': 'v1', 'rows_processed': 10000, 'metric': 'signal_rate', 'value': 0.4989, 'latency_ms': 29, 'seed': 42, 'status': 'success'}
2026-02-27 10:38:14,007 | INFO | Job finished successfully
